     1 00000000 B80300                  mov ax, 3
     2 00000003 CD10                    int 0x10
     3                                  
     4 00000005 B800B8                  mov ax,0xb800
     5 00000008 8EC0                    mov es,ax
     6                                  
     7 0000000A 26C606000048            mov byte [es:0x00], 'H'
     8 00000010 26C606020069            mov byte [es:0x02], 'i'
     9 00000016 26C606040021            mov byte [es:0x04], '!'
    10                                  
    11                                  
    12                                  ; 获取标号
    13 0000001C B8[4100]                mov ax, number
    14 0000001F BB0A00                  mov bx, 10
    15                                  
    16                                  ; 统一数据段/代码段
    17 00000022 8CC9                    mov cx, cs
    18 00000024 8ED9                    mov ds, cx
    19                                  
    20                                  ; 获取单个数字
    21 00000026 BA0000                  mov dx, 0
    22 00000029 F7F3                    div bx
    23 0000002B 8816[417C]              mov [0x7c00+number+0x00], dl
    24                                  
    25                                  ; 转换为ASCII代码，并继续显示
    26 0000002F A0[417C]                mov al, [0x7c00+number+0x00]
    27 00000032 0430                    add al, 0x30
    28 00000034 26A20600                mov [es:0x06], al
    29 00000038 26C606080044            mov byte [es:0x08], 'D'
    30                                  
    31                                  
    32                                  
    33 0000003E E9FDFF                  infi: jmp near infi
    34                                  
    35 00000041 0000000000              number db 0, 0, 0, 0, 0
    36 00000046 00<rep 1B8h>            times 440 db 0
    37 000001FE 55AA                    db 0x55,0xaa
